C:\Users\alber\Documents\MCUXpressoIDE_25.6.136\workspace\s5d_m0\inc/scamp5_kernel_api.hpp:102:5:scamp5_kernel::~scamp5_kernel()	24	static
C:/nxp/MCUXpressoIDE_25.6.136/ide/plugins/com.nxp.mcuxpresso.tools.win32_25.6.0.202501151204/tools/arm-none-eabi/include/c++/14.2.1/bits/std_function.h:267:7:), _Functor>::_M_manager(std::_Any_data&, const std::_Any_data&, std::_Manager_operation) [with _Res = void; _Functor = <lambda()>; _ArgTypes = {}]	0	static
C:\Users\alber\Documents\MCUXpressoIDE_25.6.136\workspace\s5d_m0\inc/scamp5_kernel_api_macro_analog.hpp:129:13:void scamp5_kernel_api::abs(const areg_t&, const aref_t&)	56	static
C:\Users\alber\Documents\MCUXpressoIDE_25.6.136\workspace\s5d_m0\inc/scamp5_kernel_api_macro_analog.hpp:403:13:void scamp5_kernel_api::get_image(const areg_t&)	48	static
C:\Users\alber\Documents\MCUXpressoIDE_25.6.136\workspace\s5d_m0\inc/scamp5_kernel_api_macro_analog.hpp:465:13:void scamp5_kernel_api::respix(const areg_t&)	48	static
C:\Users\alber\Documents\MCUXpressoIDE_25.6.136\workspace\s5d_m0\inc/scamp5_kernel_api_macro_digital.hpp:139:13:void scamp5_kernel_api::DNEWS(const dreg_t&, const dref_t&, int, bool)	48	static
C:/nxp/MCUXpressoIDE_25.6.136/ide/plugins/com.nxp.mcuxpresso.tools.win32_25.6.0.202501151204/tools/arm-none-eabi/include/c++/14.2.1/bits/std_function.h:288:7:) [with _Res = void; _Functor = <lambda()>; _ArgTypes = {}]	56	static
../src/MISC_FUNCTIONS.cpp:14:15:unsigned char reverse_byte(unsigned char)	0	static
../src/MISC_FUNCTIONS.cpp:53:8:double sin_approx3(double)	32	static
../src/MISC_FUNCTIONS.cpp:58:8:double cos_approx3(double)	24	static
../src/MISC_FUNCTIONS.cpp:63:8:double acos_approx3(double)	32	static
../src/MISC_FUNCTIONS.cpp:68:8:double tan_approx3(double)	32	static
../src/MISC_FUNCTIONS.cpp:73:6:void SETUP_SHIFT_R11_USING_AREG_EF(bool)	8	static
../src/MISC_FUNCTIONS.cpp:130:6:void SHIFTx1_R11_USING_AREG_EF_NORTH()	48	static
../src/MISC_FUNCTIONS.cpp:149:6:void SHIFTx1_R11_USING_AREG_EF_SOUTH()	48	static
../src/MISC_FUNCTIONS.cpp:168:6:void SHIFTx1_R11_USING_AREG_EF_EAST()	48	static
../src/MISC_FUNCTIONS.cpp:187:6:void SHIFTx1_R11_USING_AREG_EF_WEST()	48	static
../src/MISC_FUNCTIONS.cpp:87:6:void SHIFTx1_R11_USING_AREG_EF(int, int, bool, bool)	16	static
../src/MISC_FUNCTIONS.cpp:249:6:void SHIFTx4_R11_USING_AREG_EF_NORTH()	48	static
../src/MISC_FUNCTIONS.cpp:274:6:void SHIFTx4_R11_USING_AREG_EF_SOUTH()	48	static
../src/MISC_FUNCTIONS.cpp:299:6:void SHIFTx4_R11_USING_AREG_EF_EAST()	48	static
../src/MISC_FUNCTIONS.cpp:324:6:void SHIFTx4_R11_USING_AREG_EF_WEST()	48	static
../src/MISC_FUNCTIONS.cpp:206:6:void SHIFTx4_R11_USING_AREG_EF(int, int, bool, bool)	16	static
../src/MISC_FUNCTIONS.cpp:350:6:void copy_dreg(DENUM, DENUM)	32	static
../src/MISC_FUNCTIONS.cpp:496:6:void copy_dreg_into_R11(DENUM)	16	static
../src/MISC_FUNCTIONS.cpp:565:6:void copy_R11_into_dreg(DENUM)	16	static
../src/MISC_FUNCTIONS.cpp:635:6:void shift_dreg(DENUM, int, int)	64	static
../src/MISC_FUNCTIONS.cpp:698:6:void shift_R11(int, int)	72	static
../src/MISC_FUNCTIONS.cpp:743:6:void load_rect_into_DREG(DENUM, int, int, int, int)	24	static
../src/MISC_FUNCTIONS.cpp:803:6:void load_centered_rect_into_DREG(DENUM, int, int, int, int)	24	static
../src/MISC_FUNCTIONS.cpp:866:6:void copy_F_into_areg(AENUM)	32	static
../src/MISC_FUNCTIONS.cpp:898:6:void copy_areg_into_F(AENUM)	32	static
../src/MISC_FUNCTIONS.cpp:930:6:void load_DREG_into_F(DENUM, int, int)	48	static
../src/MISC_FUNCTIONS.cpp:1046:6:void draw_16_segment_display_to_R11(int, int, int, bool*)	96	static
../src/MISC_FUNCTIONS.cpp:1198:6:void draw_16_segment_digit_to_R11(int, int, int, int)	40	static
../src/MISC_FUNCTIONS.cpp:1313:6:void acquire_edge_image_R10(int, int, int, int, int)	96	static
../src/MISC_FUNCTIONS.cpp:1377:1:cpp)	32	static
