C:/nxp/MCUXpressoIDE_25.6.136/ide/plugins/com.nxp.mcuxpresso.tools.win32_25.6.0.202501151204/tools/arm-none-eabi/include/c++/14.2.1/bits/std_function.h:288:7:) [with _Res = void; _Functor = main()::<lambda()>; _ArgTypes = {}]	8	static
C:/nxp/MCUXpressoIDE_25.6.136/ide/plugins/com.nxp.mcuxpresso.tools.win32_25.6.0.202501151204/tools/arm-none-eabi/include/c++/14.2.1/bits/std_function.h:288:7:) [with _Res = void; _Functor = scamp5_main()::<lambda()>; _ArgTypes = {}]	8	static
C:/nxp/MCUXpressoIDE_25.6.136/ide/plugins/com.nxp.mcuxpresso.tools.win32_25.6.0.202501151204/tools/arm-none-eabi/include/c++/14.2.1/bits/std_function.h:288:7:) [with _Res = void; _Functor = scamp5_main()::<lambda(int32_t)>; _ArgTypes = {long int}]	8	static
C:/nxp/MCUXpressoIDE_25.6.136/ide/plugins/com.nxp.mcuxpresso.tools.win32_25.6.0.202501151204/tools/arm-none-eabi/include/c++/14.2.1/bits/std_function.h:267:7:), _Functor>::_M_manager(std::_Any_data&, const std::_Any_data&, std::_Manager_operation) [with _Res = void; _Functor = scamp5_main()::<lambda(int32_t)>; _ArgTypes = {long int}]	0	static
C:/nxp/MCUXpressoIDE_25.6.136/ide/plugins/com.nxp.mcuxpresso.tools.win32_25.6.0.202501151204/tools/arm-none-eabi/include/c++/14.2.1/bits/std_function.h:267:7:), _Functor>::_M_manager(std::_Any_data&, const std::_Any_data&, std::_Manager_operation) [with _Res = void; _Functor = scamp5_main()::<lambda()>; _ArgTypes = {}]	0	static
C:/nxp/MCUXpressoIDE_25.6.136/ide/plugins/com.nxp.mcuxpresso.tools.win32_25.6.0.202501151204/tools/arm-none-eabi/include/c++/14.2.1/bits/std_function.h:267:7:), _Functor>::_M_manager(std::_Any_data&, const std::_Any_data&, std::_Manager_operation) [with _Res = void; _Functor = scamp5_main()::<lambda()>; _ArgTypes = {}]	0	static
C:/nxp/MCUXpressoIDE_25.6.136/ide/plugins/com.nxp.mcuxpresso.tools.win32_25.6.0.202501151204/tools/arm-none-eabi/include/c++/14.2.1/bits/std_function.h:267:7:), _Functor>::_M_manager(std::_Any_data&, const std::_Any_data&, std::_Manager_operation) [with _Res = void; _Functor = scamp5_main()::<lambda(int32_t)>; _ArgTypes = {long int}]	0	static
C:/nxp/MCUXpressoIDE_25.6.136/ide/plugins/com.nxp.mcuxpresso.tools.win32_25.6.0.202501151204/tools/arm-none-eabi/include/c++/14.2.1/bits/std_function.h:267:7:), _Functor>::_M_manager(std::_Any_data&, const std::_Any_data&, std::_Manager_operation) [with _Res = void; _Functor = main()::<lambda()>; _ArgTypes = {}]	0	static
C:/nxp/MCUXpressoIDE_25.6.136/ide/plugins/com.nxp.mcuxpresso.tools.win32_25.6.0.202501151204/tools/arm-none-eabi/include/c++/14.2.1/bits/std_function.h:288:7:) [with _Res = void; _Functor = scamp5_main()::<lambda()>; _ArgTypes = {}]	8	static
C:/nxp/MCUXpressoIDE_25.6.136/ide/plugins/com.nxp.mcuxpresso.tools.win32_25.6.0.202501151204/tools/arm-none-eabi/include/c++/14.2.1/bits/std_function.h:288:7:) [with _Res = void; _Functor = scamp5_main()::<lambda(int32_t)>; _ArgTypes = {long int}]	8	static
../src/scamp5_main.cpp:18:6:void scamp5_main()	40	static
../src/scamp5_main.cpp:52:5:int main()	24	static
